f_0 :: GHC.Num.Integer.Integer ->
       forall a_1 -> GHC.Num.Num a_1 => a_1
f_0 n_2 (type _) = GHC.Num.fromInteger n_2
x_3 = 42 `f_0` (type GHC.Types.Double)
n_4 = f_0 42 (type GHC.Num.Integer.Integer)
