
T22560_fail_c.hs:6:11: error:
    Conflicting definitions for ‘k’
    Bound at: T22560_fail_c.hs:6:11
              T22560_fail_c.hs:6:14
