
==================== Parser AST ====================

(L
 { T22919.hs:1:1 }
 (HsModule
  (XModulePs
   (EpAnn
    (EpaSpan { T22919.hs:1:1 })
    (AnnsModule
     [(AddEpAnn AnnModule (EpaSpan { T22919.hs:1:1-6 }))
     ,(AddEpAnn AnnWhere (EpaSpan { T22919.hs:1:29-33 }))]
     []
     (Just
      ((,)
       { T22919.hs:3:1 }
       { T22919.hs:2:7-9 })))
    (EpaCommentsBalanced
     [(L
       (EpaSpan { T22919.hs:1:15-27 })
       (EpaComment
        (EpaBlockComment
         "{- comment -}")
        { T22919.hs:1:8-13 }))]
     []))
   (VirtualBraces
    (1))
   (Nothing)
   (Nothing))
  (Just
   (L
    ((EpAnnS
      (EpaSpan { T22919.hs:1:8-13 })
      (AnnListItem
       [])
      (EpaComments
       [])))
    {ModuleName: T22919}))
  (Nothing)
  []
  [(L
    ((EpAnnS
      (EpaSpan { T22919.hs:2:1-9 })
      (AnnListItem
       [])
      (EpaComments
       [])))
    (ValD
     (NoExtField)
     (FunBind
      (NoExtField)
      (L
       ((EpAnnS
         (EpaSpan { T22919.hs:2:1-3 })
         (NameAnnTrailing
          [])
         (EpaComments
          [])))
       (Unqual
        {OccName: foo}))
      (MG
       (FromSource)
       (L
        (SrcSpanAnn (EpAnnNotUsed) { T22919.hs:2:1-9 })
        [(L
          ((EpAnnS
            (EpaSpan { T22919.hs:2:1-9 })
            (AnnListItem
             [])
            (EpaComments
             [])))
          (Match
           (EpAnn
            (EpaSpan { T22919.hs:2:1-9 })
            []
            (EpaComments
             []))
           (FunRhs
            (L
             ((EpAnnS
               (EpaSpan { T22919.hs:2:1-3 })
               (NameAnnTrailing
                [])
               (EpaComments
                [])))
             (Unqual
              {OccName: foo}))
            (Prefix)
            (NoSrcStrict))
           []
           (GRHSs
            (EpaComments
             [])
            [(L
              (EpAnnS
               (EpaSpan { T22919.hs:2:5-9 })
               (NoEpAnns)
               (EpaComments
                []))
              (GRHS
               (EpAnn
                (EpaSpan { T22919.hs:2:5-9 })
                (GrhsAnn
                 (Nothing)
                 (AddEpAnn AnnEqual (EpaSpan { T22919.hs:2:5 })))
                (EpaComments
                 []))
               []
               (L
                ((EpAnnS
                  (EpaSpan { T22919.hs:2:7-9 })
                  (AnnListItem
                   [])
                  (EpaComments
                   [])))
                (HsLit
                 (EpAnn
                  (EpaSpan { T22919.hs:2:7-9 })
                  (NoEpAnns)
                  (EpaComments
                   []))
                 (HsChar
                  (SourceText 's')
                  ('s'))))))]
            (EmptyLocalBinds
             (NoExtField)))))])))))]))
