
==================== Parser AST ====================

(L
 { Test20239.hs:1:1 }
 (HsModule
  (XModulePs
   (EpAnn
    (EpaSpan { Test20239.hs:1:1 })
    (AnnsModule
     [(AddEpAnn AnnModule (EpaSpan { Test20239.hs:1:1-6 }))
     ,(AddEpAnn AnnWhere (EpaSpan { Test20239.hs:1:18-22 }))]
     []
     (Just
      ((,)
       { Test20239.hs:8:1 }
       { Test20239.hs:7:34-63 })))
    (EpaCommentsBalanced
     [(L
       (EpaSpan { Test20239.hs:3:1-28 })
       (EpaComment
        (EpaLineComment
         "-- | Leading Haddock Comment")
        { Test20239.hs:1:18-22 }))]
     [(L
       (EpaSpan { Test20239.hs:7:34-63 })
       (EpaComment
        (EpaLineComment
         "-- ^ Run any arbitrary IO code")
        { Test20239.hs:6:86 }))]))
   (VirtualBraces
    (1))
   (Nothing)
   (Nothing))
  (Just
   (L
    ((EpAnnS
      (EpaSpan { Test20239.hs:1:8-16 })
      (AnnListItem
       [])
      (EpaComments
       [])))
    {ModuleName: Test20239}))
  (Nothing)
  []
  [(L
    ((EpAnnS
      (EpaSpan { Test20239.hs:(4,1)-(6,86) })
      (AnnListItem
       [])
      (EpaComments
       [])))
    (InstD
     (NoExtField)
     (DataFamInstD
      (NoExtField)
      (DataFamInstDecl
       (FamEqn
        (EpAnn
         (EpaSpan { Test20239.hs:(4,1)-(6,86) })
         [(AddEpAnn AnnData (EpaSpan { Test20239.hs:4:1-4 }))
         ,(AddEpAnn AnnInstance (EpaSpan { Test20239.hs:4:6-13 }))
         ,(AddEpAnn AnnEqual (EpaSpan { Test20239.hs:4:34 }))]
         (EpaComments
          [(L
            (EpaSpan { Test20239.hs:5:34-70 })
            (EpaComment
             (EpaLineComment
              "-- ^ Run a query against the database")
             { Test20239.hs:4:51-55 }))]))
        (L
         ((EpAnnS
           (EpaSpan { Test20239.hs:4:15-20 })
           (NameAnnTrailing
            [])
           (EpaComments
            [])))
         (Unqual
          {OccName: Method}))
        (HsOuterImplicit
         (NoExtField))
        [(HsValArg
          (L
           ((EpAnnS
             (EpaSpan { Test20239.hs:4:22-32 })
             (AnnListItem
              [])
             (EpaComments
              [])))
           (HsTyVar
            (EpAnn
             (EpaSpan { Test20239.hs:4:22-32 })
             []
             (EpaComments
              []))
            (NotPromoted)
            (L
             ((EpAnnS
               (EpaSpan { Test20239.hs:4:22-32 })
               (NameAnnTrailing
                [])
               (EpaComments
                [])))
             (Unqual
              {OccName: PGMigration})))))]
        (Prefix)
        (HsDataDefn
         (NoExtField)
         (Nothing)
         (Nothing)
         (Nothing)
         (DataTypeCons
          (False)
          [(L
            ((EpAnnS
              (EpaSpan { Test20239.hs:4:36-55 })
              (AnnListItem
               [(AddVbarAnn
                 (EpaSpan { Test20239.hs:6:34 }))])
              (EpaComments
               [])))
            (ConDeclH98
             (EpAnn
              (EpaSpan { Test20239.hs:4:36-55 })
              []
              (EpaComments
               []))
             (L
              ((EpAnnS
                (EpaSpan { Test20239.hs:4:36-49 })
                (NameAnnTrailing
                 [])
                (EpaComments
                 [])))
              (Unqual
               {OccName: MigrationQuery}))
             (False)
             []
             (Nothing)
             (PrefixCon
              []
              [(HsScaled
                (HsLinearArrow
                 (HsPct1
                  (L
                   (NoTokenLoc)
                   (HsTok))
                  (L
                   (NoTokenLoc)
                   (HsNormalTok))))
                (L
                 ((EpAnnS
                   (EpaSpan { Test20239.hs:4:51-55 })
                   (AnnListItem
                    [])
                   (EpaComments
                    [])))
                 (HsTyVar
                  (EpAnn
                   (EpaSpan { Test20239.hs:4:51-55 })
                   []
                   (EpaComments
                    []))
                  (NotPromoted)
                  (L
                   ((EpAnnS
                     (EpaSpan { Test20239.hs:4:51-55 })
                     (NameAnnTrailing
                      [])
                     (EpaComments
                      [])))
                   (Unqual
                    {OccName: Query})))))])
             (Nothing)))
          ,(L
            ((EpAnnS
              (EpaSpan { Test20239.hs:6:36-86 })
              (AnnListItem
               [])
              (EpaComments
               [])))
            (ConDeclH98
             (EpAnn
              (EpaSpan { Test20239.hs:6:36-86 })
              []
              (EpaComments
               []))
             (L
              ((EpAnnS
                (EpaSpan { Test20239.hs:6:36-48 })
                (NameAnnTrailing
                 [])
                (EpaComments
                 [])))
              (Unqual
               {OccName: MigrationCode}))
             (False)
             []
             (Nothing)
             (PrefixCon
              []
              [(HsScaled
                (HsLinearArrow
                 (HsPct1
                  (L
                   (NoTokenLoc)
                   (HsTok))
                  (L
                   (NoTokenLoc)
                   (HsNormalTok))))
                (L
                 ((EpAnnS
                   (EpaSpan { Test20239.hs:6:50-86 })
                   (AnnListItem
                    [])
                   (EpaComments
                    [])))
                 (HsParTy
                  (EpAnn
                   (EpaSpan { Test20239.hs:6:50 })
                   (AnnParen
                    (AnnParens)
                    (EpaSpan { Test20239.hs:6:50 })
                    (EpaSpan { Test20239.hs:6:86 }))
                   (EpaComments
                    []))
                  (L
                   ((EpAnnS
                     (EpaSpan { Test20239.hs:6:51-85 })
                     (AnnListItem
                      [])
                     (EpaComments
                      [])))
                   (HsFunTy
                    (EpAnn
                     (EpaSpan { Test20239.hs:6:51-60 })
                     (NoEpAnns)
                     (EpaComments
                      []))
                    (HsUnrestrictedArrow
                     (L
                      (TokenLoc
                       (EpaSpan { Test20239.hs:6:62-63 }))
                      (HsNormalTok)))
                    (L
                     ((EpAnnS
                       (EpaSpan { Test20239.hs:6:51-60 })
                       (AnnListItem
                        [])
                       (EpaComments
                        [])))
                     (HsTyVar
                      (EpAnn
                       (EpaSpan { Test20239.hs:6:51-60 })
                       []
                       (EpaComments
                        []))
                      (NotPromoted)
                      (L
                       ((EpAnnS
                         (EpaSpan { Test20239.hs:6:51-60 })
                         (NameAnnTrailing
                          [])
                         (EpaComments
                          [])))
                       (Unqual
                        {OccName: Connection}))))
                    (L
                     ((EpAnnS
                       (EpaSpan { Test20239.hs:6:65-85 })
                       (AnnListItem
                        [])
                       (EpaComments
                        [])))
                     (HsAppTy
                      (NoExtField)
                      (L
                       ((EpAnnS
                         (EpaSpan { Test20239.hs:6:65-66 })
                         (AnnListItem
                          [])
                         (EpaComments
                          [])))
                       (HsTyVar
                        (EpAnn
                         (EpaSpan { Test20239.hs:6:65-66 })
                         []
                         (EpaComments
                          []))
                        (NotPromoted)
                        (L
                         ((EpAnnS
                           (EpaSpan { Test20239.hs:6:65-66 })
                           (NameAnnTrailing
                            [])
                           (EpaComments
                            [])))
                         (Unqual
                          {OccName: IO}))))
                      (L
                       ((EpAnnS
                         (EpaSpan { Test20239.hs:6:68-85 })
                         (AnnListItem
                          [])
                         (EpaComments
                          [])))
                       (HsParTy
                        (EpAnn
                         (EpaSpan { Test20239.hs:6:68 })
                         (AnnParen
                          (AnnParens)
                          (EpaSpan { Test20239.hs:6:68 })
                          (EpaSpan { Test20239.hs:6:85 }))
                         (EpaComments
                          []))
                        (L
                         ((EpAnnS
                           (EpaSpan { Test20239.hs:6:69-84 })
                           (AnnListItem
                            [])
                           (EpaComments
                            [])))
                         (HsAppTy
                          (NoExtField)
                          (L
                           ((EpAnnS
                             (EpaSpan { Test20239.hs:6:69-81 })
                             (AnnListItem
                              [])
                             (EpaComments
                              [])))
                           (HsAppTy
                            (NoExtField)
                            (L
                             ((EpAnnS
                               (EpaSpan { Test20239.hs:6:69-74 })
                               (AnnListItem
                                [])
                               (EpaComments
                                [])))
                             (HsTyVar
                              (EpAnn
                               (EpaSpan { Test20239.hs:6:69-74 })
                               []
                               (EpaComments
                                []))
                              (NotPromoted)
                              (L
                               ((EpAnnS
                                 (EpaSpan { Test20239.hs:6:69-74 })
                                 (NameAnnTrailing
                                  [])
                                 (EpaComments
                                  [])))
                               (Unqual
                                {OccName: Either}))))
                            (L
                             ((EpAnnS
                               (EpaSpan { Test20239.hs:6:76-81 })
                               (AnnListItem
                                [])
                               (EpaComments
                                [])))
                             (HsTyVar
                              (EpAnn
                               (EpaSpan { Test20239.hs:6:76-81 })
                               []
                               (EpaComments
                                []))
                              (NotPromoted)
                              (L
                               ((EpAnnS
                                 (EpaSpan { Test20239.hs:6:76-81 })
                                 (NameAnnTrailing
                                  [])
                                 (EpaComments
                                  [])))
                               (Unqual
                                {OccName: String}))))))
                          (L
                           ((EpAnnS
                             (EpaSpan { Test20239.hs:6:83-84 })
                             (AnnListItem
                              [])
                             (EpaComments
                              [])))
                           (HsTupleTy
                            (EpAnn
                             (EpaSpan { Test20239.hs:6:83 })
                             (AnnParen
                              (AnnParens)
                              (EpaSpan { Test20239.hs:6:83 })
                              (EpaSpan { Test20239.hs:6:84 }))
                             (EpaComments
                              []))
                            (HsBoxedOrConstraintTuple)
                            [])))))))))))))])
             (Nothing)))])
         []))))))]))



Test20239.hs:4:15: [GHC-76037]
    Not in scope: type constructor or class ‘Method’
