TYPE CONSTRUCTORS
  class C{2} :: forall {k}. k -> Constraint
  associated type family T{4} ::
    forall k (f :: k -> *) (a :: k). f a -> *
    roles nominal nominal nominal nominal
Dependent modules: []
Dependent packages: [base-4.16.1.0, ghc-bignum-1.2, ghc-prim-0.8.0]
