
==================== Parser AST ====================

(L
 { mod185.hs:1:1 }
 (HsModule
  (XModulePs
   (EpAnn
    (EpaSpan { mod185.hs:1:1 })
    (AnnsModule
     []
     []
     (Just
      ((,)
       { mod185.hs:6:1 }
       { mod185.hs:5:8-24 })))
    (EpaCommentsBalanced
     []
     []))
   (VirtualBraces
    (1))
   (Nothing)
   (Nothing))
  (Nothing)
  (Nothing)
  [(L
    ((EpAnnS
      (EpaSpan { mod185.hs:3:1-24 })
      (AnnListItem
       [])
      (EpaComments
       [])))
    (ImportDecl
     (XImportDeclPass
      (EpAnn
       (EpaSpan { mod185.hs:3:1-6 })
       (EpAnnImportDecl
        (EpaSpan { mod185.hs:3:1-6 })
        (Nothing)
        (Nothing)
        (Just
         (EpaSpan { mod185.hs:3:16-24 }))
        (Nothing)
        (Nothing))
       (EpaComments
        []))
      (NoSourceText)
      (False))
     (L
      ((EpAnnS
        (EpaSpan { mod185.hs:3:8-14 })
        (AnnListItem
         [])
        (EpaComments
         [])))
      {ModuleName: Prelude})
     (NoRawPkgQual)
     (NotBoot)
     (False)
     (QualifiedPost)
     (Nothing)
     (Nothing)))]
  [(L
    ((EpAnnS
      (EpaSpan { mod185.hs:5:1-24 })
      (AnnListItem
       [])
      (EpaComments
       [])))
    (ValD
     (NoExtField)
     (FunBind
      (NoExtField)
      (L
       ((EpAnnS
         (EpaSpan { mod185.hs:5:1-4 })
         (NameAnnTrailing
          [])
         (EpaComments
          [])))
       (Unqual
        {OccName: main}))
      (MG
       (FromSource)
       (L
        (SrcSpanAnn (EpAnnNotUsed) { mod185.hs:5:1-24 })
        [(L
          ((EpAnnS
            (EpaSpan { mod185.hs:5:1-24 })
            (AnnListItem
             [])
            (EpaComments
             [])))
          (Match
           (EpAnn
            (EpaSpan { mod185.hs:5:1-24 })
            []
            (EpaComments
             []))
           (FunRhs
            (L
             ((EpAnnS
               (EpaSpan { mod185.hs:5:1-4 })
               (NameAnnTrailing
                [])
               (EpaComments
                [])))
             (Unqual
              {OccName: main}))
            (Prefix)
            (NoSrcStrict))
           []
           (GRHSs
            (EpaComments
             [])
            [(L
              (EpAnnS
               (EpaSpan { mod185.hs:5:6-24 })
               (NoEpAnns)
               (EpaComments
                []))
              (GRHS
               (EpAnn
                (EpaSpan { mod185.hs:5:6-24 })
                (GrhsAnn
                 (Nothing)
                 (AddEpAnn AnnEqual (EpaSpan { mod185.hs:5:6 })))
                (EpaComments
                 []))
               []
               (L
                ((EpAnnS
                  (EpaSpan { mod185.hs:5:8-24 })
                  (AnnListItem
                   [])
                  (EpaComments
                   [])))
                (HsVar
                 (NoExtField)
                 (L
                  ((EpAnnS
                    (EpaSpan { mod185.hs:5:8-24 })
                    (NameAnnTrailing
                     [])
                    (EpaComments
                     [])))
                  (Qual
                   {ModuleName: Prelude}
                   {OccName: undefined}))))))]
            (EmptyLocalBinds
             (NoExtField)))))])))))]))
