
==================== Strictness signatures ====================
T21119.$fMyShow(,): <1!A>
T21119.$fMyShowInt: <1!A>
T21119.get: <1!P(1!P(L),1!P(L))><1!P(L)><1L>
T21119.getIO: <1P(1L,ML)><1L><ML><L>
T21119.indexError: <1C1(S)><1!B><S!S><S>b
T21119.throwIndexError: <MC1(L)><MA><L><L><L>



==================== Cpr signatures ====================
T21119.$fMyShow(,):
T21119.$fMyShowInt:
T21119.get:
T21119.getIO: 1
T21119.indexError: b
T21119.throwIndexError: b



==================== Strictness signatures ====================
T21119.$fMyShow(,): <1!A>
T21119.$fMyShowInt: <1!A>
T21119.get: <1!P(1!P(L),1!P(L))><1!P(L)><1L>
T21119.getIO: <1!P(1!P(L),ML)><1!P(L)><ML><L>
T21119.indexError: <1C1(S)><1!B><S!S><S>b
T21119.throwIndexError: <MC1(L)><MA><L><L><L>


