TYPE CONSTRUCTORS
  class C{1} :: * -> Constraint
  associated type family F{2} :: forall a. Maybe a -> *
    roles nominal nominal
Dependent modules: []
Dependent packages: [base-4.16.1.0, ghc-bignum-1.2, ghc-prim-0.8.0]
