TYPE CONSTRUCTORS
  data family DF{3} :: forall k. * -> k -> *
    roles nominal nominal nominal
COERCION AXIOMS
  axiom T15852.D:R:DFProxyProxy0 ::
    forall k1 (j :: k1) k2 (c :: k2).
      DF (Proxy c) = T15852.R:DFProxyProxy k1 j k2 c
FAMILY INSTANCES
  data instance forall {k1} {j :: k1} {k2} {c :: k2}.
                  DF (Proxy c) -- Defined at T15852.hs:10:15
Dependent modules: []
Dependent packages: [base-4.16.1.0, ghc-bignum-1.2, ghc-prim-0.8.0]
