Or4: no backtracking
CallStack (from HasCallStack):
  error, called at Or4.hs:42:8 in main:Main
