
==================== Tidy Core ====================
Result size of Tidy Core
  = {terms: 46, types: 19, coercions: 0, joins: 0/0}

-- RHS size: {terms: 1, types: 0, coercions: 0, joins: 0/0}
T3772.$trModule4 :: GHC.Prim.Addr#
[GblId,
 Unf=Unf{Src=<vanilla>, TopLvl=True, Value=True, ConLike=True,
         WorkFree=True, Expandable=True, Guidance=IF_ARGS [] 20 0}]
T3772.$trModule4 = "main"#

-- RHS size: {terms: 2, types: 0, coercions: 0, joins: 0/0}
T3772.$trModule3 :: GHC.Types.TrName
[GblId,
 Unf=Unf{Src=<vanilla>, TopLvl=True, Value=True, ConLike=True,
         WorkFree=True, Expandable=True, Guidance=IF_ARGS [] 10 10}]
T3772.$trModule3 = GHC.Types.TrNameS T3772.$trModule4

-- RHS size: {terms: 1, types: 0, coercions: 0, joins: 0/0}
T3772.$trModule2 :: GHC.Prim.Addr#
[GblId,
 Unf=Unf{Src=<vanilla>, TopLvl=True, Value=True, ConLike=True,
         WorkFree=True, Expandable=True, Guidance=IF_ARGS [] 30 0}]
T3772.$trModule2 = "T3772"#

-- RHS size: {terms: 2, types: 0, coercions: 0, joins: 0/0}
T3772.$trModule1 :: GHC.Types.TrName
[GblId,
 Unf=Unf{Src=<vanilla>, TopLvl=True, Value=True, ConLike=True,
         WorkFree=True, Expandable=True, Guidance=IF_ARGS [] 10 10}]
T3772.$trModule1 = GHC.Types.TrNameS T3772.$trModule2

-- RHS size: {terms: 3, types: 0, coercions: 0, joins: 0/0}
T3772.$trModule :: GHC.Types.Module
[GblId,
 Unf=Unf{Src=<vanilla>, TopLvl=True, Value=True, ConLike=True,
         WorkFree=True, Expandable=True, Guidance=IF_ARGS [] 10 10}]
T3772.$trModule
  = GHC.Types.Module T3772.$trModule3 T3772.$trModule1

Rec {
-- RHS size: {terms: 10, types: 2, coercions: 0, joins: 0/0}
$wxs :: GHC.Prim.Int# -> (# #)
[GblId, Arity=1, Str=<1L>, Unf=OtherCon []]
$wxs
  = \ (ww :: GHC.Prim.Int#) ->
      case ww of ds1 {
        __DEFAULT -> $wxs (GHC.Prim.-# ds1 1#);
        1# -> GHC.Prim.(##)
      }
end Rec }

-- RHS size: {terms: 10, types: 2, coercions: 0, joins: 0/0}
T3772.$wfoo [InlPrag=NOINLINE] :: GHC.Prim.Int# -> (# #)
[GblId, Arity=1, Str=<L> {92Y->1C1(C1(L))}, Unf=OtherCon []]
T3772.$wfoo
  = \ (ww :: GHC.Prim.Int#) ->
      case GHC.Prim.<# 0# ww of {
        __DEFAULT -> GHC.Prim.(##);
        1# -> $wxs ww
      }

-- RHS size: {terms: 9, types: 4, coercions: 0, joins: 0/0}
foo [InlPrag=[final]] :: Int -> ()
[GblId,
 Arity=1,
 Str=<1!P(L)> {92Y->1C1(C1(L))},
 Cpr=1,
 Unf=Unf{Src=InlineStable, TopLvl=True, Value=True, ConLike=True,
         WorkFree=True, Expandable=True,
         Guidance=ALWAYS_IF(arity=1,unsat_ok=True,boring_ok=False)
         Tmpl= \ (n [Occ=Once1!] :: Int) ->
                 case n of { GHC.Types.I# ww [Occ=Once1] ->
                 case T3772.$wfoo ww of { (# #) -> GHC.Tuple.() }
                 }}]
foo
  = \ (n :: Int) ->
      case n of { GHC.Types.I# ww ->
      case T3772.$wfoo ww of { (# #) -> GHC.Tuple.() }
      }



