
==================== Renamer ====================

(Just
 ((,,,)
  (HsGroup
   (NoExtField)
   (XValBindsLR
    (NValBinds
     []
     []))
   []
   [(TyClGroup
     (NoExtField)
     [(L
       ((EpAnnS
         (EpaSpan { T14189.hs:6:1-42 })
         (AnnListItem
          [])
         (EpaComments
          [])))
       (DataDecl
        (DataDeclRn
         (True)
         {NameSet:
          [{Name: GHC.Types.Int}]})
        (L
         ((EpAnnS
           (EpaSpan { T14189.hs:6:6-11 })
           (NameAnnTrailing
            [])
           (EpaComments
            [])))
         {Name: T14189.MyType})
        (HsQTvs
         []
         [])
        (Prefix)
        (HsDataDefn
         (NoExtField)
         (Nothing)
         (Nothing)
         (Nothing)
         (DataTypeCons
          (False)
          [(L
            ((EpAnnS
              (EpaSpan { T14189.hs:6:15-20 })
              (AnnListItem
               [(AddVbarAnn
                 (EpaSpan { T14189.hs:6:22 }))])
              (EpaComments
               [])))
            (ConDeclH98
             (EpAnnNotUsed)
             (L
              ((EpAnnS
                (EpaSpan { T14189.hs:6:15-16 })
                (NameAnnTrailing
                 [])
                (EpaComments
                 [])))
              {Name: T14189.MT})
             (False)
             []
             (Nothing)
             (PrefixCon
              []
              [(HsScaled
                (HsLinearArrow
                 (HsPct1
                  (L
                   (NoTokenLoc)
                   (HsTok))
                  (L
                   (NoTokenLoc)
                   (HsNormalTok))))
                (L
                 ((EpAnnS
                   (EpaSpan { T14189.hs:6:18-20 })
                   (AnnListItem
                    [])
                   (EpaComments
                    [])))
                 (HsTyVar
                  (EpAnnNotUsed)
                  (NotPromoted)
                  (L
                   ((EpAnnS
                     (EpaSpan { T14189.hs:6:18-20 })
                     (NameAnnTrailing
                      [])
                     (EpaComments
                      [])))
                   {Name: GHC.Types.Int}))))])
             (Nothing)))
          ,(L
            ((EpAnnS
              (EpaSpan { T14189.hs:6:24-25 })
              (AnnListItem
               [(AddVbarAnn
                 (EpaSpan { T14189.hs:6:27 }))])
              (EpaComments
               [])))
            (ConDeclH98
             (EpAnnNotUsed)
             (L
              ((EpAnnS
                (EpaSpan { T14189.hs:6:24-25 })
                (NameAnnTrailing
                 [])
                (EpaComments
                 [])))
              {Name: T14189.NT})
             (False)
             []
             (Nothing)
             (PrefixCon
              []
              [])
             (Nothing)))
          ,(L
            ((EpAnnS
              (EpaSpan { T14189.hs:6:29-42 })
              (AnnListItem
               [])
              (EpaComments
               [])))
            (ConDeclH98
             (EpAnnNotUsed)
             (L
              ((EpAnnS
                (EpaSpan { T14189.hs:6:29 })
                (NameAnnTrailing
                 [])
                (EpaComments
                 [])))
              {Name: T14189.F})
             (False)
             []
             (Nothing)
             (RecCon
              (L
               (SrcSpanAnn (EpAnn
                            (EpaSpan { T14189.hs:6:31 })
                            (AnnList
                             (Just
                              (EpaSpan { T14189.hs:6:33-40 }))
                             (Just
                              (AddEpAnn AnnOpenC (EpaSpan { T14189.hs:6:31 })))
                             (Just
                              (AddEpAnn AnnCloseC (EpaSpan { T14189.hs:6:42 })))
                             []
                             [])
                            (EpaComments
                             [])) { T14189.hs:6:31-42 })
               [(L
                 ((EpAnnS
                   (EpaSpan { T14189.hs:6:33-40 })
                   (AnnListItem
                    [])
                   (EpaComments
                    [])))
                 (ConDeclField
                  (EpAnnNotUsed)
                  [(L
                    (EpAnnS
                     (EpaSpan { T14189.hs:6:33 })
                     (NoEpAnns)
                     (EpaComments
                      []))
                    (FieldOcc
                     {Name: T14189.f}
                     (L
                      ((EpAnnS
                        (EpaSpan { T14189.hs:6:33 })
                        (NameAnnTrailing
                         [])
                        (EpaComments
                         [])))
                      (Unqual
                       {OccName: f}))))]
                  (L
                   ((EpAnnS
                     (EpaSpan { T14189.hs:6:38-40 })
                     (AnnListItem
                      [])
                     (EpaComments
                      [])))
                   (HsTyVar
                    (EpAnnNotUsed)
                    (NotPromoted)
                    (L
                     ((EpAnnS
                       (EpaSpan { T14189.hs:6:38-40 })
                       (NameAnnTrailing
                        [])
                       (EpaComments
                        [])))
                     {Name: GHC.Types.Int})))
                  (Nothing)))]))
             (Nothing)))])
         [])))]
     []
     []
     [])]
   []
   []
   []
   []
   []
   []
   []
   [])
  [(L
    ((EpAnnS
      (EpaSpan { T14189.hs:1:8-13 })
      (AnnListItem
       [])
      (EpaComments
       [])))
    (ImportDecl
     (XImportDeclPass
      (EpAnnNotUsed)
      (NoSourceText)
      (True))
     (L
      ((EpAnnS
        (EpaSpan { T14189.hs:1:8-13 })
        (AnnListItem
         [])
        (EpaComments
         [])))
      {ModuleName: Prelude})
     (NoPkgQual)
     (NotBoot)
     (False)
     (NotQualified)
     (Nothing)
     (Nothing)))]
  (Just
   [((,)
     (L
      ((EpAnnS
        (EpaSpan { T14189.hs:3:3-15 })
        (AnnListItem
         [])
        (EpaComments
         [])))
      (IEThingWith
       (EpAnn
        (EpaSpan { T14189.hs:3:3-8 })
        [(AddEpAnn AnnOpenP (EpaSpan { T14189.hs:3:10 }))
        ,(AddEpAnn AnnCloseP (EpaSpan { T14189.hs:3:15 }))]
        (EpaComments
         []))
       (L
        ((EpAnnS
          (EpaSpan { T14189.hs:3:3-8 })
          (AnnListItem
           [])
          (EpaComments
           [])))
        (IEName
         (NoExtField)
         (L
          ((EpAnnS
            (EpaSpan { T14189.hs:3:3-8 })
            (NameAnnTrailing
             [])
            (EpaComments
             [])))
          {Name: T14189.MyType})))
       (NoIEWildcard)
       [(L
         ((EpAnnS
           (EpaSpan { T14189.hs:3:11 })
           (AnnListItem
            [(AddCommaAnn
              (EpaSpan { T14189.hs:3:12 }))])
           (EpaComments
            [])))
         (IEName
          (NoExtField)
          (L
           ((EpAnnS
             (EpaSpan { T14189.hs:3:11 })
             (NameAnnTrailing
              [])
             (EpaComments
              [])))
           {Name: T14189.f})))
       ,(L
         ((EpAnnS
           (EpaSpan { T14189.hs:3:13-14 })
           (AnnListItem
            [])
           (EpaComments
            [])))
         (IEName
          (NoExtField)
          (L
           ((EpAnnS
             (EpaSpan { T14189.hs:3:13-14 })
             (NameAnnTrailing
              [])
             (EpaComments
              [])))
           {Name: T14189.NT})))]))
     [(AvailTC
       {Name: T14189.MyType}
       [{Name: T14189.MyType}
       ,{Name: T14189.f}
       ,{Name: T14189.NT}])])])
  (Nothing)))