
==================== Parser AST ====================

(L
 { T15323.hs:1:1 }
 (HsModule
  (XModulePs
   (EpAnn
    (EpaSpan { T15323.hs:1:1 })
    (AnnsModule
     [(AddEpAnn AnnModule (EpaSpan { T15323.hs:3:1-6 }))
     ,(AddEpAnn AnnWhere (EpaSpan { T15323.hs:3:15-19 }))]
     []
     (Just
      ((,)
       { T15323.hs:7:1 }
       { T15323.hs:6:54 })))
    (EpaCommentsBalanced
     []
     []))
   (VirtualBraces
    (1))
   (Nothing)
   (Nothing))
  (Just
   (L
    ((EpAnnS
      (EpaSpan { T15323.hs:3:8-13 })
      (AnnListItem
       [])
      (EpaComments
       [])))
    {ModuleName: T15323}))
  (Nothing)
  []
  [(L
    ((EpAnnS
      (EpaSpan { T15323.hs:(5,1)-(6,54) })
      (AnnListItem
       [])
      (EpaComments
       [])))
    (TyClD
     (NoExtField)
     (DataDecl
      (EpAnn
       (EpaSpan { T15323.hs:(5,1)-(6,54) })
       [(AddEpAnn AnnData (EpaSpan { T15323.hs:5:1-4 }))
       ,(AddEpAnn AnnWhere (EpaSpan { T15323.hs:5:21-25 }))]
       (EpaComments
        []))
      (L
       ((EpAnnS
         (EpaSpan { T15323.hs:5:6-17 })
         (NameAnnTrailing
          [])
         (EpaComments
          [])))
       (Unqual
        {OccName: MaybeDefault}))
      (HsQTvs
       (NoExtField)
       [(L
         ((EpAnnS
           (EpaSpan { T15323.hs:5:19 })
           (AnnListItem
            [])
           (EpaComments
            [])))
         (UserTyVar
          (EpAnn
           (EpaSpan { T15323.hs:5:19 })
           []
           (EpaComments
            []))
          (())
          (L
           ((EpAnnS
             (EpaSpan { T15323.hs:5:19 })
             (NameAnnTrailing
              [])
             (EpaComments
              [])))
           (Unqual
            {OccName: v}))))])
      (Prefix)
      (HsDataDefn
       (NoExtField)
       (Nothing)
       (Nothing)
       (Nothing)
       (DataTypeCons
        (False)
        [(L
          ((EpAnnS
            (EpaSpan { T15323.hs:6:5-54 })
            (AnnListItem
             [])
            (EpaComments
             [])))
          (ConDeclGADT
           (EpAnn
            (EpaSpan { T15323.hs:6:5-54 })
            []
            (EpaComments
             []))
           (:|
            (L
             ((EpAnnS
               (EpaSpan { T15323.hs:6:5-14 })
               (NameAnnTrailing
                [])
               (EpaComments
                [])))
             (Unqual
              {OccName: TestParens}))
            [])
           (L
            (TokenLoc
             (EpaSpan { T15323.hs:6:17-18 }))
            (HsNormalTok))
           (L
            ((EpAnnS
              (EpaSpan { T15323.hs:6:20-54 })
              (AnnListItem
               [])
              (EpaComments
               [])))
            (HsOuterExplicit
             (EpAnn
              (EpaSpan { T15323.hs:6:20-25 })
              ((,)
               (AddEpAnn AnnForall (EpaSpan { T15323.hs:6:20-25 }))
               (AddEpAnn AnnDot (EpaSpan { T15323.hs:6:29 })))
              (EpaComments
               []))
             [(L
               ((EpAnnS
                 (EpaSpan { T15323.hs:6:27 })
                 (AnnListItem
                  [])
                 (EpaComments
                  [])))
               (UserTyVar
                (EpAnn
                 (EpaSpan { T15323.hs:6:27 })
                 []
                 (EpaComments
                  []))
                (SpecifiedSpec)
                (L
                 ((EpAnnS
                   (EpaSpan { T15323.hs:6:27 })
                   (NameAnnTrailing
                    [])
                   (EpaComments
                    [])))
                 (Unqual
                  {OccName: v}))))]))
           (Just
            (L
             (SrcSpanAnn (EpAnn
                          (EpaSpan { T15323.hs:6:31-36 })
                          (AnnContext
                           (Just
                            ((,)
                             (NormalSyntax)
                             (EpaSpan { T15323.hs:6:38-39 })))
                           []
                           [])
                          (EpaComments
                           [])) { T15323.hs:6:31-36 })
             [(L
               ((EpAnnS
                 (EpaSpan { T15323.hs:6:31-36 })
                 (AnnListItem
                  [])
                 (EpaComments
                  [])))
               (HsParTy
                (EpAnn
                 (EpaSpan { T15323.hs:6:31 })
                 (AnnParen
                  (AnnParens)
                  (EpaSpan { T15323.hs:6:31 })
                  (EpaSpan { T15323.hs:6:36 }))
                 (EpaComments
                  []))
                (L
                 ((EpAnnS
                   (EpaSpan { T15323.hs:6:32-35 })
                   (AnnListItem
                    [])
                   (EpaComments
                    [])))
                 (HsAppTy
                  (NoExtField)
                  (L
                   ((EpAnnS
                     (EpaSpan { T15323.hs:6:32-33 })
                     (AnnListItem
                      [])
                     (EpaComments
                      [])))
                   (HsTyVar
                    (EpAnn
                     (EpaSpan { T15323.hs:6:32-33 })
                     []
                     (EpaComments
                      []))
                    (NotPromoted)
                    (L
                     ((EpAnnS
                       (EpaSpan { T15323.hs:6:32-33 })
                       (NameAnnTrailing
                        [])
                       (EpaComments
                        [])))
                     (Unqual
                      {OccName: Eq}))))
                  (L
                   ((EpAnnS
                     (EpaSpan { T15323.hs:6:35 })
                     (AnnListItem
                      [])
                     (EpaComments
                      [])))
                   (HsTyVar
                    (EpAnn
                     (EpaSpan { T15323.hs:6:35 })
                     []
                     (EpaComments
                      []))
                    (NotPromoted)
                    (L
                     ((EpAnnS
                       (EpaSpan { T15323.hs:6:35 })
                       (NameAnnTrailing
                        [])
                       (EpaComments
                        [])))
                     (Unqual
                      {OccName: v}))))))))]))
           (PrefixConGADT
            [])
           (L
            ((EpAnnS
              (EpaSpan { T15323.hs:6:41-54 })
              (AnnListItem
               [])
              (EpaComments
               [])))
            (HsAppTy
             (NoExtField)
             (L
              ((EpAnnS
                (EpaSpan { T15323.hs:6:41-52 })
                (AnnListItem
                 [])
                (EpaComments
                 [])))
              (HsTyVar
               (EpAnn
                (EpaSpan { T15323.hs:6:41-52 })
                []
                (EpaComments
                 []))
               (NotPromoted)
               (L
                ((EpAnnS
                  (EpaSpan { T15323.hs:6:41-52 })
                  (NameAnnTrailing
                   [])
                  (EpaComments
                   [])))
                (Unqual
                 {OccName: MaybeDefault}))))
             (L
              ((EpAnnS
                (EpaSpan { T15323.hs:6:54 })
                (AnnListItem
                 [])
                (EpaComments
                 [])))
              (HsTyVar
               (EpAnn
                (EpaSpan { T15323.hs:6:54 })
                []
                (EpaComments
                 []))
               (NotPromoted)
               (L
                ((EpAnnS
                  (EpaSpan { T15323.hs:6:54 })
                  (NameAnnTrailing
                   [])
                  (EpaComments
                   [])))
                (Unqual
                 {OccName: v}))))))
           (Nothing)))])
       []))))]))
