
==================== Parser AST ====================

(L
 { T18791.hs:1:1 }
 (HsModule
  (XModulePs
   (EpAnn
    (EpaSpan { T18791.hs:1:1 })
    (AnnsModule
     [(AddEpAnn AnnModule (EpaSpan { T18791.hs:2:1-6 }))
     ,(AddEpAnn AnnWhere (EpaSpan { T18791.hs:2:15-19 }))]
     []
     (Just
      ((,)
       { T18791.hs:6:1 }
       { T18791.hs:5:17 })))
    (EpaCommentsBalanced
     []
     []))
   (VirtualBraces
    (1))
   (Nothing)
   (Nothing))
  (Just
   (L
    ((EpAnnS
      (EpaSpan { T18791.hs:2:8-13 })
      (AnnListItem
       [])
      (EpaComments
       [])))
    {ModuleName: T18791}))
  (Nothing)
  []
  [(L
    ((EpAnnS
      (EpaSpan { T18791.hs:(4,1)-(5,17) })
      (AnnListItem
       [])
      (EpaComments
       [])))
    (TyClD
     (NoExtField)
     (DataDecl
      (EpAnn
       (EpaSpan { T18791.hs:(4,1)-(5,17) })
       [(AddEpAnn AnnData (EpaSpan { T18791.hs:4:1-4 }))
       ,(AddEpAnn AnnWhere (EpaSpan { T18791.hs:4:8-12 }))]
       (EpaComments
        []))
      (L
       ((EpAnnS
         (EpaSpan { T18791.hs:4:6 })
         (NameAnnTrailing
          [])
         (EpaComments
          [])))
       (Unqual
        {OccName: T}))
      (HsQTvs
       (NoExtField)
       [])
      (Prefix)
      (HsDataDefn
       (NoExtField)
       (Nothing)
       (Nothing)
       (Nothing)
       (DataTypeCons
        (False)
        [(L
          ((EpAnnS
            (EpaSpan { T18791.hs:5:3-17 })
            (AnnListItem
             [])
            (EpaComments
             [])))
          (ConDeclGADT
           (EpAnn
            (EpaSpan { T18791.hs:5:3-17 })
            []
            (EpaComments
             []))
           (:|
            (L
             ((EpAnnS
               (EpaSpan { T18791.hs:5:3-5 })
               (NameAnnTrailing
                [])
               (EpaComments
                [])))
             (Unqual
              {OccName: MkT}))
            [])
           (L
            (TokenLoc
             (EpaSpan { T18791.hs:5:7-8 }))
            (HsNormalTok))
           (L
            ((EpAnnS
              (EpaSpan { T18791.hs:5:10-17 })
              (AnnListItem
               [])
              (EpaComments
               [])))
            (HsOuterImplicit
             (NoExtField)))
           (Nothing)
           (PrefixConGADT
            [(HsScaled
              (HsUnrestrictedArrow
               (L
                (TokenLoc
                 (EpaSpan { T18791.hs:5:14-15 }))
                (HsNormalTok)))
              (L
               ((EpAnnS
                 (EpaSpan { T18791.hs:5:10-12 })
                 (AnnListItem
                  [])
                 (EpaComments
                  [])))
               (HsTyVar
                (EpAnn
                 (EpaSpan { T18791.hs:5:10-12 })
                 []
                 (EpaComments
                  []))
                (NotPromoted)
                (L
                 ((EpAnnS
                   (EpaSpan { T18791.hs:5:10-12 })
                   (NameAnnTrailing
                    [])
                   (EpaComments
                    [])))
                 (Unqual
                  {OccName: Int})))))])
           (L
            ((EpAnnS
              (EpaSpan { T18791.hs:5:17 })
              (AnnListItem
               [])
              (EpaComments
               [])))
            (HsTyVar
             (EpAnn
              (EpaSpan { T18791.hs:5:17 })
              []
              (EpaComments
               []))
             (NotPromoted)
             (L
              ((EpAnnS
                (EpaSpan { T18791.hs:5:17 })
                (NameAnnTrailing
                 [])
                (EpaComments
                 [])))
              (Unqual
               {OccName: T}))))
           (Nothing)))])
       []))))]))
