
==================== Parser AST ====================

(L
 { Test20297.hs:1:1 }
 (HsModule
  (XModulePs
   (EpAnn
    (EpaSpan { Test20297.hs:1:1 })
    (AnnsModule
     [(AddEpAnn AnnModule (EpaSpan { Test20297.hs:2:1-6 }))
     ,(AddEpAnn AnnWhere (EpaSpan { Test20297.hs:2:18-22 }))]
     []
     (Just
      ((,)
       { Test20297.hs:12:1 }
       { Test20297.hs:11:22-26 })))
    (EpaCommentsBalanced
     [(L
       (EpaSpan { Test20297.hs:1:1-33 })
       (EpaComment
        (EpaBlockComment
         "{-# OPTIONS -ddump-parsed-ast #-}")
        { Test20297.hs:1:1 }))]
     []))
   (VirtualBraces
    (1))
   (Nothing)
   (Nothing))
  (Just
   (L
    ((EpAnnS
      (EpaSpan { Test20297.hs:2:8-16 })
      (AnnListItem
       [])
      (EpaComments
       [])))
    {ModuleName: Test20297}))
  (Nothing)
  []
  [(L
    ((EpAnnS
      (EpaSpan { Test20297.hs:(5,1)-(7,7) })
      (AnnListItem
       [])
      (EpaComments
       [])))
    (ValD
     (NoExtField)
     (FunBind
      (NoExtField)
      (L
       ((EpAnnS
         (EpaSpan { Test20297.hs:5:1-3 })
         (NameAnnTrailing
          [])
         (EpaComments
          [])))
       (Unqual
        {OccName: bar}))
      (MG
       (FromSource)
       (L
        (SrcSpanAnn (EpAnnNotUsed) { Test20297.hs:(5,1)-(7,7) })
        [(L
          ((EpAnnS
            (EpaSpan { Test20297.hs:(5,1)-(7,7) })
            (AnnListItem
             [])
            (EpaComments
             [])))
          (Match
           (EpAnn
            (EpaSpan { Test20297.hs:(5,1)-(7,7) })
            []
            (EpaComments
             []))
           (FunRhs
            (L
             ((EpAnnS
               (EpaSpan { Test20297.hs:5:1-3 })
               (NameAnnTrailing
                [])
               (EpaComments
                [])))
             (Unqual
              {OccName: bar}))
            (Prefix)
            (NoSrcStrict))
           []
           (GRHSs
            (EpaComments
             [])
            [(L
              (EpAnnS
               (EpaSpan { Test20297.hs:(5,5)-(7,7) })
               (NoEpAnns)
               (EpaComments
                []))
              (GRHS
               (EpAnn
                (EpaSpan { Test20297.hs:(5,5)-(7,7) })
                (GrhsAnn
                 (Nothing)
                 (AddEpAnn AnnEqual (EpaSpan { Test20297.hs:5:5 })))
                (EpaComments
                 [(L
                   (EpaSpan { Test20297.hs:6:3-13 })
                   (EpaComment
                    (EpaLineComment
                     "-- comment0")
                    { Test20297.hs:5:7 }))]))
               []
               (L
                ((EpAnnS
                  (EpaSpan { Test20297.hs:5:7 })
                  (AnnListItem
                   [])
                  (EpaComments
                   [])))
                (HsVar
                 (NoExtField)
                 (L
                  ((EpAnnS
                    (EpaSpan { Test20297.hs:5:7 })
                    (NameAnnTrailing
                     [])
                    (EpaComments
                     [])))
                  (Unqual
                   {OccName: x}))))))]
            (HsValBinds
             (EpAnn
              (EpaSpan { <no location info> })
              (AnnList
               (Nothing)
               (Nothing)
               (Nothing)
               [(AddEpAnn AnnWhere (EpaSpan { Test20297.hs:7:3-7 }))]
               [])
              (EpaComments
               []))
             (ValBinds
              (NoAnnSortKey)
              {Bag(LocatedA (HsBind GhcPs)):
               []}
              [])))))])))))
  ,(L
    ((EpAnnS
      (EpaSpan { Test20297.hs:(9,1)-(11,26) })
      (AnnListItem
       [])
      (EpaComments
       [(L
         (EpaSpan { Test20297.hs:7:9-19 })
         (EpaComment
          (EpaLineComment
           "-- comment1")
          { Test20297.hs:7:3-7 }))])))
    (ValD
     (NoExtField)
     (FunBind
      (NoExtField)
      (L
       ((EpAnnS
         (EpaSpan { Test20297.hs:9:1-3 })
         (NameAnnTrailing
          [])
         (EpaComments
          [])))
       (Unqual
        {OccName: foo}))
      (MG
       (FromSource)
       (L
        (SrcSpanAnn (EpAnnNotUsed) { Test20297.hs:(9,1)-(11,26) })
        [(L
          ((EpAnnS
            (EpaSpan { Test20297.hs:(9,1)-(11,26) })
            (AnnListItem
             [])
            (EpaComments
             [])))
          (Match
           (EpAnn
            (EpaSpan { Test20297.hs:(9,1)-(11,26) })
            []
            (EpaComments
             []))
           (FunRhs
            (L
             ((EpAnnS
               (EpaSpan { Test20297.hs:9:1-3 })
               (NameAnnTrailing
                [])
               (EpaComments
                [])))
             (Unqual
              {OccName: foo}))
            (Prefix)
            (NoSrcStrict))
           []
           (GRHSs
            (EpaComments
             [])
            [(L
              (EpAnnS
               (EpaSpan { Test20297.hs:(9,5)-(11,26) })
               (NoEpAnns)
               (EpaComments
                []))
              (GRHS
               (EpAnn
                (EpaSpan { Test20297.hs:(9,5)-(11,26) })
                (GrhsAnn
                 (Nothing)
                 (AddEpAnn AnnEqual (EpaSpan { Test20297.hs:9:5 })))
                (EpaComments
                 []))
               []
               (L
                ((EpAnnS
                  (EpaSpan { Test20297.hs:9:7 })
                  (AnnListItem
                   [])
                  (EpaComments
                   [])))
                (HsVar
                 (NoExtField)
                 (L
                  ((EpAnnS
                    (EpaSpan { Test20297.hs:9:7 })
                    (NameAnnTrailing
                     [])
                    (EpaComments
                     [])))
                  (Unqual
                   {OccName: x}))))))]
            (HsValBinds
             (EpAnn
              (EpaSpan { Test20297.hs:(10,3)-(11,26) })
              (AnnList
               (Just
                (EpaSpan { Test20297.hs:11:9-26 }))
               (Nothing)
               (Nothing)
               [(AddEpAnn AnnWhere (EpaSpan { Test20297.hs:10:3-7 }))]
               [])
              (EpaComments
               [(L
                 (EpaSpan { Test20297.hs:10:9-19 })
                 (EpaComment
                  (EpaLineComment
                   "-- comment2")
                  { Test20297.hs:10:3-7 }))]))
             (ValBinds
              (NoAnnSortKey)
              {Bag(LocatedA (HsBind GhcPs)):
               [(L
                 ((EpAnnS
                   (EpaSpan { Test20297.hs:11:9-26 })
                   (AnnListItem
                    [])
                   (EpaComments
                    [])))
                 (FunBind
                  (NoExtField)
                  (L
                   ((EpAnnS
                     (EpaSpan { Test20297.hs:11:9-15 })
                     (NameAnnTrailing
                      [])
                     (EpaComments
                      [])))
                   (Unqual
                    {OccName: doStuff}))
                  (MG
                   (FromSource)
                   (L
                    (SrcSpanAnn (EpAnnNotUsed) { Test20297.hs:11:9-26 })
                    [(L
                      ((EpAnnS
                        (EpaSpan { Test20297.hs:11:9-26 })
                        (AnnListItem
                         [])
                        (EpaComments
                         [])))
                      (Match
                       (EpAnn
                        (EpaSpan { Test20297.hs:11:9-26 })
                        []
                        (EpaComments
                         []))
                       (FunRhs
                        (L
                         ((EpAnnS
                           (EpaSpan { Test20297.hs:11:9-15 })
                           (NameAnnTrailing
                            [])
                           (EpaComments
                            [])))
                         (Unqual
                          {OccName: doStuff}))
                        (Prefix)
                        (NoSrcStrict))
                       []
                       (GRHSs
                        (EpaComments
                         [])
                        [(L
                          (EpAnnS
                           (EpaSpan { Test20297.hs:11:17-26 })
                           (NoEpAnns)
                           (EpaComments
                            []))
                          (GRHS
                           (EpAnn
                            (EpaSpan { Test20297.hs:11:17-26 })
                            (GrhsAnn
                             (Nothing)
                             (AddEpAnn AnnEqual (EpaSpan { Test20297.hs:11:17 })))
                            (EpaComments
                             []))
                           []
                           (L
                            ((EpAnnS
                              (EpaSpan { Test20297.hs:11:19-26 })
                              (AnnListItem
                               [])
                              (EpaComments
                               [])))
                            (HsDo
                             (EpAnn
                              (EpaSpan { Test20297.hs:11:19-26 })
                              (AnnList
                               (Just
                                (EpaSpan { Test20297.hs:11:22-26 }))
                               (Nothing)
                               (Nothing)
                               [(AddEpAnn AnnDo (EpaSpan { Test20297.hs:11:19-20 }))]
                               [])
                              (EpaComments
                               []))
                             (DoExpr
                              (Nothing))
                             (L
                              (SrcSpanAnn (EpAnn
                                           (EpaSpan { Test20297.hs:11:22-26 })
                                           (AnnList
                                            (Just
                                             (EpaSpan { Test20297.hs:11:22-26 }))
                                            (Nothing)
                                            (Nothing)
                                            []
                                            [])
                                           (EpaComments
                                            [])) { Test20297.hs:11:22-26 })
                              [(L
                                ((EpAnnS
                                  (EpaSpan { Test20297.hs:11:22-26 })
                                  (AnnListItem
                                   [])
                                  (EpaComments
                                   [])))
                                (BodyStmt
                                 (NoExtField)
                                 (L
                                  ((EpAnnS
                                    (EpaSpan { Test20297.hs:11:22-26 })
                                    (AnnListItem
                                     [])
                                    (EpaComments
                                     [])))
                                  (HsVar
                                   (NoExtField)
                                   (L
                                    ((EpAnnS
                                      (EpaSpan { Test20297.hs:11:22-26 })
                                      (NameAnnTrailing
                                       [])
                                      (EpaComments
                                       [])))
                                    (Unqual
                                     {OccName: stuff}))))
                                 (NoExtField)
                                 (NoExtField)))])))))]
                        (EmptyLocalBinds
                         (NoExtField)))))]))))]}
              [])))))])))))]))



==================== Parser AST ====================

(L
 { Test20297.ppr.hs:1:1 }
 (HsModule
  (XModulePs
   (EpAnn
    (EpaSpan { Test20297.ppr.hs:1:1 })
    (AnnsModule
     [(AddEpAnn AnnModule (EpaSpan { Test20297.ppr.hs:2:1-6 }))
     ,(AddEpAnn AnnWhere (EpaSpan { Test20297.ppr.hs:2:18-22 }))]
     []
     (Just
      ((,)
       { Test20297.ppr.hs:9:25 }
       { Test20297.ppr.hs:9:20-24 })))
    (EpaCommentsBalanced
     [(L
       (EpaSpan { Test20297.ppr.hs:1:1-33 })
       (EpaComment
        (EpaBlockComment
         "{-# OPTIONS -ddump-parsed-ast #-}")
        { Test20297.ppr.hs:1:1 }))]
     []))
   (VirtualBraces
    (1))
   (Nothing)
   (Nothing))
  (Just
   (L
    ((EpAnnS
      (EpaSpan { Test20297.ppr.hs:2:8-16 })
      (AnnListItem
       [])
      (EpaComments
       [])))
    {ModuleName: Test20297}))
  (Nothing)
  []
  [(L
    ((EpAnnS
      (EpaSpan { Test20297.ppr.hs:(3,1)-(5,7) })
      (AnnListItem
       [])
      (EpaComments
       [])))
    (ValD
     (NoExtField)
     (FunBind
      (NoExtField)
      (L
       ((EpAnnS
         (EpaSpan { Test20297.ppr.hs:3:1-3 })
         (NameAnnTrailing
          [])
         (EpaComments
          [])))
       (Unqual
        {OccName: bar}))
      (MG
       (FromSource)
       (L
        (SrcSpanAnn (EpAnnNotUsed) { Test20297.ppr.hs:(3,1)-(5,7) })
        [(L
          ((EpAnnS
            (EpaSpan { Test20297.ppr.hs:(3,1)-(5,7) })
            (AnnListItem
             [])
            (EpaComments
             [])))
          (Match
           (EpAnn
            (EpaSpan { Test20297.ppr.hs:(3,1)-(5,7) })
            []
            (EpaComments
             []))
           (FunRhs
            (L
             ((EpAnnS
               (EpaSpan { Test20297.ppr.hs:3:1-3 })
               (NameAnnTrailing
                [])
               (EpaComments
                [])))
             (Unqual
              {OccName: bar}))
            (Prefix)
            (NoSrcStrict))
           []
           (GRHSs
            (EpaComments
             [])
            [(L
              (EpAnnS
               (EpaSpan { Test20297.ppr.hs:(4,3)-(5,7) })
               (NoEpAnns)
               (EpaComments
                []))
              (GRHS
               (EpAnn
                (EpaSpan { Test20297.ppr.hs:(4,3)-(5,7) })
                (GrhsAnn
                 (Nothing)
                 (AddEpAnn AnnEqual (EpaSpan { Test20297.ppr.hs:4:3 })))
                (EpaComments
                 []))
               []
               (L
                ((EpAnnS
                  (EpaSpan { Test20297.ppr.hs:4:5 })
                  (AnnListItem
                   [])
                  (EpaComments
                   [])))
                (HsVar
                 (NoExtField)
                 (L
                  ((EpAnnS
                    (EpaSpan { Test20297.ppr.hs:4:5 })
                    (NameAnnTrailing
                     [])
                    (EpaComments
                     [])))
                  (Unqual
                   {OccName: x}))))))]
            (HsValBinds
             (EpAnn
              (EpaSpan { <no location info> })
              (AnnList
               (Nothing)
               (Nothing)
               (Nothing)
               [(AddEpAnn AnnWhere (EpaSpan { Test20297.ppr.hs:5:3-7 }))]
               [])
              (EpaComments
               []))
             (ValBinds
              (NoAnnSortKey)
              {Bag(LocatedA (HsBind GhcPs)):
               []}
              [])))))])))))
  ,(L
    ((EpAnnS
      (EpaSpan { Test20297.ppr.hs:(6,1)-(9,24) })
      (AnnListItem
       [])
      (EpaComments
       [])))
    (ValD
     (NoExtField)
     (FunBind
      (NoExtField)
      (L
       ((EpAnnS
         (EpaSpan { Test20297.ppr.hs:6:1-3 })
         (NameAnnTrailing
          [])
         (EpaComments
          [])))
       (Unqual
        {OccName: foo}))
      (MG
       (FromSource)
       (L
        (SrcSpanAnn (EpAnnNotUsed) { Test20297.ppr.hs:(6,1)-(9,24) })
        [(L
          ((EpAnnS
            (EpaSpan { Test20297.ppr.hs:(6,1)-(9,24) })
            (AnnListItem
             [])
            (EpaComments
             [])))
          (Match
           (EpAnn
            (EpaSpan { Test20297.ppr.hs:(6,1)-(9,24) })
            []
            (EpaComments
             []))
           (FunRhs
            (L
             ((EpAnnS
               (EpaSpan { Test20297.ppr.hs:6:1-3 })
               (NameAnnTrailing
                [])
               (EpaComments
                [])))
             (Unqual
              {OccName: foo}))
            (Prefix)
            (NoSrcStrict))
           []
           (GRHSs
            (EpaComments
             [])
            [(L
              (EpAnnS
               (EpaSpan { Test20297.ppr.hs:(7,3)-(9,24) })
               (NoEpAnns)
               (EpaComments
                []))
              (GRHS
               (EpAnn
                (EpaSpan { Test20297.ppr.hs:(7,3)-(9,24) })
                (GrhsAnn
                 (Nothing)
                 (AddEpAnn AnnEqual (EpaSpan { Test20297.ppr.hs:7:3 })))
                (EpaComments
                 []))
               []
               (L
                ((EpAnnS
                  (EpaSpan { Test20297.ppr.hs:7:5 })
                  (AnnListItem
                   [])
                  (EpaComments
                   [])))
                (HsVar
                 (NoExtField)
                 (L
                  ((EpAnnS
                    (EpaSpan { Test20297.ppr.hs:7:5 })
                    (NameAnnTrailing
                     [])
                    (EpaComments
                     [])))
                  (Unqual
                   {OccName: x}))))))]
            (HsValBinds
             (EpAnn
              (EpaSpan { Test20297.ppr.hs:(8,3)-(9,24) })
              (AnnList
               (Just
                (EpaSpan { Test20297.ppr.hs:9:7-24 }))
               (Nothing)
               (Nothing)
               [(AddEpAnn AnnWhere (EpaSpan { Test20297.ppr.hs:8:3-7 }))]
               [])
              (EpaComments
               []))
             (ValBinds
              (NoAnnSortKey)
              {Bag(LocatedA (HsBind GhcPs)):
               [(L
                 ((EpAnnS
                   (EpaSpan { Test20297.ppr.hs:9:7-24 })
                   (AnnListItem
                    [])
                   (EpaComments
                    [])))
                 (FunBind
                  (NoExtField)
                  (L
                   ((EpAnnS
                     (EpaSpan { Test20297.ppr.hs:9:7-13 })
                     (NameAnnTrailing
                      [])
                     (EpaComments
                      [])))
                   (Unqual
                    {OccName: doStuff}))
                  (MG
                   (FromSource)
                   (L
                    (SrcSpanAnn (EpAnnNotUsed) { Test20297.ppr.hs:9:7-24 })
                    [(L
                      ((EpAnnS
                        (EpaSpan { Test20297.ppr.hs:9:7-24 })
                        (AnnListItem
                         [])
                        (EpaComments
                         [])))
                      (Match
                       (EpAnn
                        (EpaSpan { Test20297.ppr.hs:9:7-24 })
                        []
                        (EpaComments
                         []))
                       (FunRhs
                        (L
                         ((EpAnnS
                           (EpaSpan { Test20297.ppr.hs:9:7-13 })
                           (NameAnnTrailing
                            [])
                           (EpaComments
                            [])))
                         (Unqual
                          {OccName: doStuff}))
                        (Prefix)
                        (NoSrcStrict))
                       []
                       (GRHSs
                        (EpaComments
                         [])
                        [(L
                          (EpAnnS
                           (EpaSpan { Test20297.ppr.hs:9:15-24 })
                           (NoEpAnns)
                           (EpaComments
                            []))
                          (GRHS
                           (EpAnn
                            (EpaSpan { Test20297.ppr.hs:9:15-24 })
                            (GrhsAnn
                             (Nothing)
                             (AddEpAnn AnnEqual (EpaSpan { Test20297.ppr.hs:9:15 })))
                            (EpaComments
                             []))
                           []
                           (L
                            ((EpAnnS
                              (EpaSpan { Test20297.ppr.hs:9:17-24 })
                              (AnnListItem
                               [])
                              (EpaComments
                               [])))
                            (HsDo
                             (EpAnn
                              (EpaSpan { Test20297.ppr.hs:9:17-24 })
                              (AnnList
                               (Just
                                (EpaSpan { Test20297.ppr.hs:9:20-24 }))
                               (Nothing)
                               (Nothing)
                               [(AddEpAnn AnnDo (EpaSpan { Test20297.ppr.hs:9:17-18 }))]
                               [])
                              (EpaComments
                               []))
                             (DoExpr
                              (Nothing))
                             (L
                              (SrcSpanAnn (EpAnn
                                           (EpaSpan { Test20297.ppr.hs:9:20-24 })
                                           (AnnList
                                            (Just
                                             (EpaSpan { Test20297.ppr.hs:9:20-24 }))
                                            (Nothing)
                                            (Nothing)
                                            []
                                            [])
                                           (EpaComments
                                            [])) { Test20297.ppr.hs:9:20-24 })
                              [(L
                                ((EpAnnS
                                  (EpaSpan { Test20297.ppr.hs:9:20-24 })
                                  (AnnListItem
                                   [])
                                  (EpaComments
                                   [])))
                                (BodyStmt
                                 (NoExtField)
                                 (L
                                  ((EpAnnS
                                    (EpaSpan { Test20297.ppr.hs:9:20-24 })
                                    (AnnListItem
                                     [])
                                    (EpaComments
                                     [])))
                                  (HsVar
                                   (NoExtField)
                                   (L
                                    ((EpAnnS
                                      (EpaSpan { Test20297.ppr.hs:9:20-24 })
                                      (NameAnnTrailing
                                       [])
                                      (EpaComments
                                       [])))
                                    (Unqual
                                     {OccName: stuff}))))
                                 (NoExtField)
                                 (NoExtField)))])))))]
                        (EmptyLocalBinds
                         (NoExtField)))))]))))]}
              [])))))])))))]))
