TYPE CONSTRUCTORS
  data type T{6} ::
    forall {k1} k2 (k3 :: k2). Proxy k3 -> k1 -> k2 -> *
    roles nominal nominal nominal phantom phantom phantom
Dependent modules: []
Dependent packages: [base-4.16.1.0, ghc-bignum-1.2, ghc-prim-0.8.0]
